app/(dashboard)/layout.tsx(14,23): error TS2339: Property 'members' does not exist on type 'StoreContextType'.
app/(dashboard)/layout.tsx(33,40): error TS7006: Parameter 'm' implicitly has an 'any' type.
app/(dashboard)/layout.tsx(42,7): error TS2353: Object literal may only specify known properties, and 'members' does not exist in type 'Omit<Project, "tasks" | "id" | "progress">'.
app/(dashboard)/layout.tsx(200,32): error TS7006: Parameter 'member' implicitly has an 'any' type.
app/(dashboard)/projects/[id]/page.tsx(31,5): error TS2339: Property 'members' does not exist on type 'StoreContextType'.
app/(dashboard)/projects/page.tsx(106,30): error TS2339: Property 'members' does not exist on type 'Project'.
app/(dashboard)/projects/page.tsx(106,55): error TS7006: Parameter 'member' implicitly has an 'any' type.
app/(dashboard)/projects/page.tsx(115,30): error TS2339: Property 'members' does not exist on type 'Project'.
app/(dashboard)/projects/page.tsx(117,35): error TS2339: Property 'members' does not exist on type 'Project'.
app/(dashboard)/team/page.tsx(9,11): error TS2339: Property 'members' does not exist on type 'StoreContextType'.
app/(dashboard)/team/page.tsx(9,20): error TS2339: Property 'inviteMember' does not exist on type 'StoreContextType'.
app/(dashboard)/team/page.tsx(66,42): error TS7006: Parameter 'm' implicitly has an 'any' type.
app/(dashboard)/team/page.tsx(107,31): error TS7006: Parameter 'member' implicitly has an 'any' type.
hooks/useStore.tsx(53,42): error TS2493: Tuple type '[AxiosResponse<any, any, {}>, AxiosResponse<any, any, {}>, AxiosResponse<any, any, {}>]' of length '3' has no element at index '3'.
lib/store.ts(1,25): error TS2305: Module '"../types"' has no exported member 'TeamMember'.
services/mockData.ts(1,25): error TS2305: Module '"../types"' has no exported member 'TeamMember'.
services/mockData.ts(66,5): error TS2353: Object literal may only specify known properties, and 'members' does not exist in type 'Project'.
services/mockData.ts(78,5): error TS2353: Object literal may only specify known properties, and 'members' does not exist in type 'Project'.
services/mockData.ts(90,5): error TS2353: Object literal may only specify known properties, and 'members' does not exist in type 'Project'.
services/mockData.ts(105,5): error TS2353: Object literal may only specify known properties, and 'assignee' does not exist in type 'Task'.
services/mockData.ts(132,5): error TS2353: Object literal may only specify known properties, and 'assignee' does not exist in type 'Task'.
services/mockData.ts(149,5): error TS2353: Object literal may only specify known properties, and 'assignee' does not exist in type 'Task'.
